// Jest Snapshot v1, https://goo.gl/fbAQLP

exports[`Counter component renders correctly 1`] = `
Array [
  <p>
    Redux counter
  </p>,
  <button
    onClick={[Function]}
    type="button"
  >
    -
  </button>,
  <input
    type="text"
    value="1"
  />,
  <button
    onClick={[Function]}
    type="button"
  >
    +
  </button>,
]
`;
